ARM Linker, 5.03 [Build 24] [MDK-ARM Standard]

==============================================================================

Section Cross References

    application.o(.text) refers to led.o(.text) for rt_hw_led_init
    application.o(.text) refers to thread.o(.text) for rt_thread_delay
    application.o(.text) refers to application.o(.bss) for led_stack
    startup.o(.text) refers to kservice.o(.text) for rt_kprintf
    startup.o(.text) refers to board.o(.text) for rt_hw_board_init
    startup.o(.text) refers to clock.o(.text) for rt_system_tick_init
    startup.o(.text) refers to object.o(.text) for rt_system_object_init
    startup.o(.text) refers to timer.o(.text) for rt_system_timer_init
    startup.o(.text) refers to mem.o(.text) for rt_system_heap_init
    startup.o(.text) refers to scheduler.o(.text) for rt_system_scheduler_init
    startup.o(.text) refers to rtc.o(.text) for rt_hw_rtc_init
    startup.o(.text) refers to device.o(.text) for rt_device_init_all
    startup.o(.text) refers to application.o(.text) for rt_application_init
    startup.o(.text) refers to shell.o(.text) for finsh_system_init
    startup.o(.text) refers to idle.o(.text) for rt_thread_idle_init
    startup.o(.text) refers to context_rvds.o(.text) for rt_hw_interrupt_disable
    board.o(.text) refers to misc.o(.text) for NVIC_SetVectorTable
    board.o(.text) refers to irq.o(.text) for rt_interrupt_enter
    board.o(.text) refers to clock.o(.text) for rt_tick_increase
    board.o(.text) refers to usart.o(.text) for rt_hw_usart_init
    board.o(.text) refers to kservice.o(.text) for rt_console_set_device
    board.o(.text) refers to system_stm32f10x.o(.data) for SystemCoreClock
    stm32f10x_it.o(.text) refers to board.o(.text) for rt_hw_timer_handler
    stm32f10x_it.o(.text) refers to irq.o(.text) for rt_interrupt_enter
    stm32f10x_it.o(.text) refers to serial.o(.text) for rt_hw_serial_isr
    stm32f10x_it.o(.text) refers to usart.o(.bss) for uart1_device
    rtc.o(.text) refers to kservice.o(.text) for rt_kprintf
    rtc.o(.text) refers to stm32f10x_rtc.o(.text) for RTC_GetCounter
    rtc.o(.text) refers to stm32f10x_rcc.o(.text) for RCC_APB1PeriphClockCmd
    rtc.o(.text) refers to stm32f10x_pwr.o(.text) for PWR_BackupAccessCmd
    rtc.o(.text) refers to stm32f10x_bkp.o(.text) for BKP_WriteBackupRegister
    rtc.o(.text) refers to device.o(.text) for rt_device_register
    rtc.o(.text) refers to localtime.o(.text) for localtime
    rtc.o(.text) refers to mktime.o(.text) for mktime
    rtc.o(.text) refers to ctime.o(.text) for ctime
    rtc.o(.text) refers to rtc.o(.constdata) for __FUNCTION__
    rtc.o(.text) refers to rtc.o(.bss) for rtc
    rtc.o(FSymTab) refers to rtc.o(.constdata) for __fsym_set_date_name
    rtc.o(FSymTab) refers to rtc.o(.text) for set_date
    usart.o(.text) refers to stm32f10x_rcc.o(.text) for RCC_APB2PeriphClockCmd
    usart.o(.text) refers to stm32f10x_gpio.o(.text) for GPIO_Init
    usart.o(.text) refers to misc.o(.text) for NVIC_Init
    usart.o(.text) refers to stm32f10x_usart.o(.text) for USART_Init
    usart.o(.text) refers to serial.o(.text) for rt_hw_serial_register
    usart.o(.text) refers to usart.o(.data) for uart1
    usart.o(.text) refers to usart.o(.bss) for uart1_device
    usart.o(.data) refers to usart.o(.bss) for uart1_int_rx
    serial.o(.text) refers to kservice.o(.text) for rt_memset
    serial.o(.text) refers to mempool.o(.text) for rt_mp_init
    serial.o(.text) refers to stm32f10x_usart.o(.text) for USART_Cmd
    serial.o(.text) refers to context_rvds.o(.text) for rt_hw_interrupt_disable
    serial.o(.text) refers to stm32f10x_dma.o(.text) for DMA_Cmd
    serial.o(.text) refers to device.o(.text) for rt_device_register
    serial.o(.text) refers to serial.o(.constdata) for __FUNCTION__
    led.o(.text) refers to stm32f10x_rcc.o(.text) for RCC_APB2PeriphClockCmd
    led.o(.text) refers to stm32f10x_gpio.o(.text) for GPIO_Init
    led.o(.text) refers to led.o(.data) for led_inited
    led.o(FSymTab) refers to led.o(.constdata) for __fsym_led_name
    led.o(FSymTab) refers to led.o(.text) for led
    clock.o(.text) refers to context_rvds.o(.text) for rt_hw_interrupt_disable
    clock.o(.text) refers to thread.o(.text) for rt_thread_self
    clock.o(.text) refers to timer.o(.text) for rt_timer_check
    clock.o(.text) refers to clock.o(.data) for rt_tick
    device.o(.text) refers to thread.o(.text) for rt_thread_self
    device.o(.text) refers to scheduler.o(.text) for rt_enter_critical
    device.o(.text) refers to kservice.o(.text) for rt_strncmp
    device.o(.text) refers to object.o(.text) for rt_object_init
    device.o(.text) refers to object.o(.data) for rt_object_container
    device.o(.text) refers to device.o(.constdata) for __FUNCTION__
    idle.o(.text) refers to context_rvds.o(.text) for rt_hw_interrupt_disable
    idle.o(.text) refers to irq.o(.text) for rt_interrupt_get_nest
    idle.o(.text) refers to kservice.o(.text) for rt_kprintf
[...]
    rt_calloc                                0x08003f49   Thumb Code    98  mem.o(.text)
    rt_memory_info                           0x08003fab   Thumb Code    26  mem.o(.text)
    list_mem                                 0x08003fc5   Thumb Code    34  mem.o(.text)
    rt_mp_alloc_sethook                      0x080040ed   Thumb Code     6  mempool.o(.text)
    rt_mp_free_sethook                       0x080040f3   Thumb Code     6  mempool.o(.text)
    rt_mp_init                               0x080040f9   Thumb Code   146  mempool.o(.text)
    rt_mp_detach                             0x0800418b   Thumb Code    94  mempool.o(.text)
    rt_mp_create                             0x080041e9   Thumb Code   192  mempool.o(.text)
    rt_mp_delete                             0x080042a9   Thumb Code   160  mempool.o(.text)
    rt_mp_alloc                              0x08004349   Thumb Code   246  mempool.o(.text)
    rt_mp_free                               0x0800443f   Thumb Code    98  mempool.o(.text)
    rt_object_attach_sethook                 0x0800454d   Thumb Code     6  object.o(.text)
    rt_object_detach_sethook                 0x08004553   Thumb Code     6  object.o(.text)
    rt_object_trytake_sethook                0x08004559   Thumb Code     6  object.o(.text)
    rt_object_take_sethook                   0x0800455f   Thumb Code     6  object.o(.text)
    rt_object_put_sethook                    0x08004565   Thumb Code     6  object.o(.text)
    rt_system_object_init                    0x0800456b   Thumb Code     2  object.o(.text)
    rt_object_get_information                0x0800456d   Thumb Code    10  object.o(.text)
    rt_object_init                           0x08004577   Thumb Code    76  object.o(.text)
    rt_object_detach                         0x080045c3   Thumb Code    74  object.o(.text)
    rt_object_allocate                       0x0800460d   Thumb Code   150  object.o(.text)
    rt_object_delete                         0x080046a3   Thumb Code   120  object.o(.text)
    rt_object_is_systemobject                0x0800471b   Thumb Code    52  object.o(.text)
    rt_object_find                           0x0800474f   Thumb Code   110  object.o(.text)
    rt_scheduler_sethook                     0x08004875   Thumb Code     6  scheduler.o(.text)
    rt_system_scheduler_init                 0x080048df   Thumb Code    56  scheduler.o(.text)
    rt_system_scheduler_start                0x08004917   Thumb Code   114  scheduler.o(.text)
    rt_schedule                              0x08004989   Thumb Code   212  scheduler.o(.text)
    rt_schedule_insert_thread                0x08004a5d   Thumb Code   100  scheduler.o(.text)
    rt_schedule_remove_thread                0x08004ac1   Thumb Code   112  scheduler.o(.text)
    rt_enter_critical                        0x08004b31   Thumb Code    28  scheduler.o(.text)
    rt_exit_critical                         0x08004b4d   Thumb Code    58  scheduler.o(.text)
    rt_thread_timeout                        0x08004cb9   Thumb Code   102  thread.o(.text)
    rt_thread_init                           0x08004dc3   Thumb Code   110  thread.o(.text)
    rt_thread_self                           0x08004e31   Thumb Code     6  thread.o(.text)
    rt_thread_resume                         0x08004e37   Thumb Code   108  thread.o(.text)
    rt_thread_startup                        0x08004ea3   Thumb Code   116  thread.o(.text)
    rt_thread_detach                         0x08004f17   Thumb Code    90  thread.o(.text)
    rt_thread_create                         0x08004f71   Thumb Code    80  thread.o(.text)
    rt_thread_delete                         0x08004fc1   Thumb Code    82  thread.o(.text)
    rt_thread_yield                          0x08005013   Thumb Code   316  thread.o(.text)
    rt_thread_suspend                        0x0800514f   Thumb Code    90  thread.o(.text)
    rt_thread_sleep                          0x080051a9   Thumb Code    98  thread.o(.text)
    rt_thread_delay                          0x0800520b   Thumb Code    12  thread.o(.text)
    rt_thread_control                        0x08005217   Thumb Code   146  thread.o(.text)
    rt_thread_find                           0x080052a9   Thumb Code    76  thread.o(.text)
    rt_timer_timeout_sethook                 0x08005329   Thumb Code     6  timer.o(.text)
    rt_timer_init                            0x08005371   Thumb Code    76  timer.o(.text)
    rt_timer_detach                          0x080053bd   Thumb Code    64  timer.o(.text)
    rt_timer_create                          0x080053fd   Thumb Code    54  timer.o(.text)
    rt_timer_delete                          0x08005433   Thumb Code    64  timer.o(.text)
    rt_timer_start                           0x08005473   Thumb Code   228  timer.o(.text)
    rt_timer_stop                            0x08005557   Thumb Code   100  timer.o(.text)
    rt_timer_control                         0x080055bb   Thumb Code    94  timer.o(.text)
    rt_timer_check                           0x08005619   Thumb Code   150  timer.o(.text)
    rt_timer_next_timeout_tick               0x080056af   Thumb Code    10  timer.o(.text)
    rt_system_timer_init                     0x080056b9   Thumb Code     2  timer.o(.text)
    rt_system_timer_thread_init              0x080056bb   Thumb Code     2  timer.o(.text)
    rt_hw_stack_init                         0x0800574d   Thumb Code    70  cpuport.o(.text)
    rt_hw_exception_install                  0x08005793   Thumb Code     6  cpuport.o(.text)
    rt_hw_hard_fault_exception               0x08005799   Thumb Code   112  cpuport.o(.text)
    rt_hw_cpu_shutdown                       0x08005809   Thumb Code    36  cpuport.o(.text)
    rt_hw_interrupt_disable                  0x08005909   Thumb Code     8  context_rvds.o(.text)
    rt_hw_interrupt_enable                   0x08005911   Thumb Code     6  context_rvds.o(.text)
    rt_hw_context_switch                     0x08005917   Thumb Code    32  context_rvds.o(.text)
    rt_hw_context_switch_interrupt           0x08005917   Thumb Code     0  context_rvds.o(.text)
    PendSV_Handler                           0x08005937   Thumb Code    60  context_rvds.o(.text)
    rt_hw_context_switch_to                  0x08005973   Thumb Code    46  context_rvds.o(.text)
    rt_hw_interrupt_thread_switch            0x080059a1   Thumb Code     4  context_rvds.o(.text)
    HardFault_Handler                        0x080059a5   Thumb Code    20  context_rvds.o(.text)
    hello                                    0x080059e1   Thumb Code    12  cmd.o(.text)
    version                                  0x080059ed   Thumb Code    10  cmd.o(.text)
    list_thread                              0x08005aa5   Thumb Code    10  cmd.o(.text)
    list_sem                                 0x08005b43   Thumb Code    12  cmd.o(.text)
    list_event                               0x08005baf   Thumb Code    12  cmd.o(.text)
    list_mutex                               0x08005bfd   Thumb Code    12  cmd.o(.text)
    list_mailbox                             0x08005c81   Thumb Code    12  cmd.o(.text)
    list_msgqueue                            0x08005cf9   Thumb Code    12  cmd.o(.text)
    list_mempool                             0x08005d6b   Thumb Code    12  cmd.o(.text)
    list_timer                               0x080061a9   Thumb Code    10  cmd.o(.text)
    list_device                              0x08006201   Thumb Code    12  cmd.o(.text)
    list                                     0x0800620d   Thumb Code   110  cmd.o(.text)
    list_prefix                              0x080062bd   Thumb Code   424  cmd.o(.text)
    finsh_compiler_run                       0x08007ccb   Thumb Code    88  finsh_compiler.o(.text)
    finsh_error_init                         0x08007d35   Thumb Code     8  finsh_error.o(.text)
    finsh_error_set                          0x08007d3d   Thumb Code    10  finsh_error.o(.text)
    finsh_errno                              0x08007d47   Thumb Code     6  finsh_error.o(.text)
    finsh_error_string                       0x08007d4d   Thumb Code    10  finsh_error.o(.text)
    finsh_heap_init                          0x08007d61   Thumb Code    36  finsh_heap.o(.text)
    finsh_heap_free                          0x08007e85   Thumb Code    34  finsh_heap.o(.text)
    finsh_heap_allocate                      0x08007ef5   Thumb Code   106  finsh_heap.o(.text)
    finsh_init                               0x08007f71   Thumb Code    30  finsh_init.o(.text)
    finsh_stack_bottom                       0x08007f8f   Thumb Code     6  finsh_init.o(.text)
    finsh_flush                              0x08007f95   Thumb Code    22  finsh_init.o(.text)
    finsh_reset                              0x08007fab   Thumb Code    24  finsh_init.o(.text)
    finsh_node_init                          0x08007fc9   Thumb Code    16  finsh_node.o(.text)
    finsh_node_allocate                      0x08007fd9   Thumb Code    56  finsh_node.o(.text)
    finsh_node_new_id                        0x08008011   Thumb Code   118  finsh_node.o(.text)
    finsh_node_new_char                      0x08008087   Thumb Code    30  finsh_node.o(.text)
    finsh_node_new_int                       0x080080a5   Thumb Code    30  finsh_node.o(.text)
    finsh_node_new_long                      0x080080c3   Thumb Code    30  finsh_node.o(.text)
    finsh_node_new_string                    0x080080e1   Thumb Code    74  finsh_node.o(.text)
    finsh_node_new_ptr                       0x0800812b   Thumb Code    30  finsh_node.o(.text)
    OP_no_op                                 0x0800814d   Thumb Code     2  finsh_ops.o(.text)
    OP_add_byte                              0x0800814f   Thumb Code    42  finsh_ops.o(.text)
    OP_add_word                              0x08008179   Thumb Code    44  finsh_ops.o(.text)
    OP_add_dword                             0x080081a5   Thumb Code    42  finsh_ops.o(.text)
    OP_sub_byte                              0x080081cf   Thumb Code    42  finsh_ops.o(.text)
    OP_sub_word                              0x080081f9   Thumb Code    44  finsh_ops.o(.text)
    OP_sub_dword                             0x08008225   Thumb Code    42  finsh_ops.o(.text)
    OP_div_byte                              0x0800824f   Thumb Code    44  finsh_ops.o(.text)
    OP_div_word                              0x0800827b   Thumb Code    46  finsh_ops.o(.text)
    OP_div_dword                             0x080082a9   Thumb Code    44  finsh_ops.o(.text)
    OP_mod_byte                              0x080082d5   Thumb Code    48  finsh_ops.o(.text)
    OP_mod_word                              0x08008305   Thumb Code    48  finsh_ops.o(.text)
    OP_mod_dword                             0x08008335   Thumb Code    48  finsh_ops.o(.text)
    OP_mul_byte                              0x08008365   Thumb Code    42  finsh_ops.o(.text)
    OP_mul_word                              0x0800838f   Thumb Code    44  finsh_ops.o(.text)
    OP_mul_dword                             0x080083bb   Thumb Code    42  finsh_ops.o(.text)
    OP_and_byte                              0x080083e5   Thumb Code    42  finsh_ops.o(.text)
    OP_and_word                              0x0800840f   Thumb Code    42  finsh_ops.o(.text)
    OP_and_dword                             0x08008439   Thumb Code    42  finsh_ops.o(.text)
    OP_or_byte                               0x08008463   Thumb Code    42  finsh_ops.o(.text)
    OP_or_word                               0x0800848d   Thumb Code    42  finsh_ops.o(.text)
    OP_or_dword                              0x080084b7   Thumb Code    42  finsh_ops.o(.text)
    OP_xor_byte                              0x080084e1   Thumb Code    42  finsh_ops.o(.text)
    OP_xor_word                              0x0800850b   Thumb Code    46  finsh_ops.o(.text)
    OP_xor_dword                             0x08008539   Thumb Code    42  finsh_ops.o(.text)
    OP_bw_byte                               0x08008563   Thumb Code    20  finsh_ops.o(.text)
    OP_bw_word                               0x08008577   Thumb Code    20  finsh_ops.o(.text)
    OP_bw_dword                              0x0800858b   Thumb Code    20  finsh_ops.o(.text)
    OP_shl_byte                              0x0800859f   Thumb Code    42  finsh_ops.o(.text)
    OP_shl_word                              0x080085c9   Thumb Code    44  finsh_ops.o(.text)
    OP_shl_dword                             0x080085f5   Thumb Code    42  finsh_ops.o(.text)
    OP_shr_byte                              0x0800861f   Thumb Code    42  finsh_ops.o(.text)
    OP_shr_word                              0x08008649   Thumb Code    42  finsh_ops.o(.text)
    OP_shr_dword                             0x08008673   Thumb Code    42  finsh_ops.o(.text)
    OP_ld_byte                               0x0800869d   Thumb Code    34  finsh_ops.o(.text)
    OP_ld_word                               0x080086bf   Thumb Code    46  finsh_ops.o(.text)
    OP_ld_dword                              0x080086ed   Thumb Code    64  finsh_ops.o(.text)
    OP_ld_value_byte                         0x0800872d   Thumb Code    66  finsh_ops.o(.text)
    OP_ld_value_byte_stack                   0x0800876f   Thumb Code    20  finsh_ops.o(.text)
    OP_ld_value_word                         0x08008783   Thumb Code    66  finsh_ops.o(.text)
    OP_ld_value_word_stack                   0x080087c5   Thumb Code    20  finsh_ops.o(.text)
    OP_ld_value_dword                        0x080087d9   Thumb Code    66  finsh_ops.o(.text)
    OP_ld_value_dword_stack                  0x0800881b   Thumb Code    20  finsh_ops.o(.text)
    OP_st_byte                               0x0800882f   Thumb Code    30  finsh_ops.o(.text)
    OP_st_word                               0x0800884d   Thumb Code    30  finsh_ops.o(.text)
    OP_st_dword                              0x0800886b   Thumb Code    30  finsh_ops.o(.text)
    OP_pop                                   0x08008889   Thumb Code    12  finsh_ops.o(.text)
    OP_call                                  0x08008895   Thumb Code   906  finsh_ops.o(.text)
    finsh_parser_run                         0x080094b5   Thumb Code   210  finsh_parser.o(.text)
    finsh_parser_init                        0x08009587   Thumb Code    16  finsh_parser.o(.text)
    finsh_token_init                         0x08009599   Thumb Code    20  finsh_token.o(.text)
    token_get_string                         0x08009973   Thumb Code   120  finsh_token.o(.text)
    finsh_token_token                        0x08009ba5   Thumb Code    24  finsh_token.o(.text)
    finsh_token_get_token                    0x08009bbd   Thumb Code    20  finsh_token.o(.text)
    finsh_var_init                           0x08009bd5   Thumb Code    14  finsh_var.o(.text)
    finsh_var_insert                         0x08009be3   Thumb Code   112  finsh_var.o(.text)
    finsh_var_delete                         0x08009c53   Thumb Code    68  finsh_var.o(.text)
    finsh_var_lookup                         0x08009c97   Thumb Code    58  finsh_var.o(.text)
    finsh_sysvar_append                      0x08009cd1   Thumb Code    62  finsh_var.o(.text)
    finsh_sysvar_lookup                      0x08009d0f   Thumb Code    78  finsh_var.o(.text)
    finsh_vm_run                             0x08009d6d   Thumb Code    62  finsh_vm.o(.text)
    finsh_syscall_append                     0x08009dab   Thumb Code    54  finsh_vm.o(.text)
    finsh_syscall_lookup                     0x08009de1   Thumb Code    78  finsh_vm.o(.text)
    strcmp                                   0x08009e51   Thumb Code    28  shell.o(.text)
    strdup                                   0x08009e6d   Thumb Code    40  shell.o(.text)
    finsh_set_device                         0x08009ec9   Thumb Code   110  shell.o(.text)
    finsh_get_device                         0x08009f37   Thumb Code    46  shell.o(.text)
    finsh_set_echo                           0x08009f65   Thumb Code    60  shell.o(.text)
    finsh_get_echo                           0x08009fa1   Thumb Code    50  shell.o(.text)
    finsh_auto_complete                      0x08009fd3   Thumb Code    28  shell.o(.text)
    finsh_run_line                           0x08009fef   Thumb Code   150  shell.o(.text)
    finsh_handle_history                     0x0800a085   Thumb Code   264  shell.o(.text)
    finsh_push_history                       0x0800a18d   Thumb Code   174  shell.o(.text)
    finsh_thread_entry                       0x0800a23b   Thumb Code   718  shell.o(.text)
    finsh_system_function_init               0x0800a509   Thumb Code    10  shell.o(.text)
    finsh_system_var_init                    0x0800a513   Thumb Code    10  shell.o(.text)
    finsh_system_init                        0x0800a51d   Thumb Code   116  shell.o(.text)
    SystemInit                               0x0800a6cd   Thumb Code    78  system_stm32f10x.o(.text)
    SystemCoreClockUpdate                    0x0800a71b   Thumb Code   142  system_stm32f10x.o(.text)
    RCC_DeInit                               0x0800a7cd   Thumb Code    64  stm32f10x_rcc.o(.text)
    RCC_HSEConfig                            0x0800a80d   Thumb Code   100  stm32f10x_rcc.o(.text)
    RCC_GetFlagStatus                        0x0800a871   Thumb Code   118  stm32f10x_rcc.o(.text)
    RCC_WaitForHSEStartUp                    0x0800a8e7   Thumb Code    56  stm32f10x_rcc.o(.text)
    RCC_AdjustHSICalibrationValue            0x0800a91f   Thumb Code    38  stm32f10x_rcc.o(.text)
    RCC_HSICmd                               0x0800a945   Thumb Code    28  stm32f10x_rcc.o(.text)
    RCC_PLLConfig                            0x0800a961   Thumb Code   152  stm32f10x_rcc.o(.text)
    RCC_PLLCmd                               0x0800a9f9   Thumb Code    28  stm32f10x_rcc.o(.text)
    RCC_SYSCLKConfig                         0x0800aa15   Thumb Code    42  stm32f10x_rcc.o(.text)
    RCC_GetSYSCLKSource                      0x0800aa3f   Thumb Code    10  stm32f10x_rcc.o(.text)
    RCC_HCLKConfig                           0x0800aa49   Thumb Code    66  stm32f10x_rcc.o(.text)
    RCC_PCLK1Config                          0x0800aa8b   Thumb Code    58  stm32f10x_rcc.o(.text)
    RCC_PCLK2Config                          0x0800aac5   Thumb Code    60  stm32f10x_rcc.o(.text)
    RCC_ITConfig                             0x0800ab01   Thumb Code    70  stm32f10x_rcc.o(.text)
    RCC_USBCLKConfig                         0x0800ab47   Thumb Code    28  stm32f10x_rcc.o(.text)
    RCC_ADCCLKConfig                         0x0800ab63   Thumb Code    52  stm32f10x_rcc.o(.text)
    RCC_LSEConfig                            0x0800ab97   Thumb Code   156  stm32f10x_rcc.o(.text)
    RCC_LSICmd                               0x0800ac33   Thumb Code    30  stm32f10x_rcc.o(.text)
    RCC_RTCCLKConfig                         0x0800ac51   Thumb Code    52  stm32f10x_rcc.o(.text)
    RCC_RTCCLKCmd                            0x0800ac85   Thumb Code    32  stm32f10x_rcc.o(.text)
    RCC_GetClocksFreq                        0x0800aca5   Thumb Code   208  stm32f10x_rcc.o(.text)
    RCC_AHBPeriphClockCmd                    0x0800ad75   Thumb Code    86  stm32f10x_rcc.o(.text)
    RCC_APB2PeriphClockCmd                   0x0800adcb   Thumb Code    82  stm32f10x_rcc.o(.text)
    RCC_APB1PeriphClockCmd                   0x0800ae1d   Thumb Code    82  stm32f10x_rcc.o(.text)
    RCC_APB2PeriphResetCmd                   0x0800ae6f   Thumb Code    82  stm32f10x_rcc.o(.text)
    RCC_APB1PeriphResetCmd                   0x0800aec1   Thumb Code    82  stm32f10x_rcc.o(.text)
    RCC_BackupResetCmd                       0x0800af13   Thumb Code    32  stm32f10x_rcc.o(.text)
    RCC_ClockSecuritySystemCmd               0x0800af33   Thumb Code    30  stm32f10x_rcc.o(.text)
    RCC_MCOConfig                            0x0800af51   Thumb Code    44  stm32f10x_rcc.o(.text)
    RCC_ClearFlag                            0x0800af7d   Thumb Code    18  stm32f10x_rcc.o(.text)
    RCC_GetITStatus                          0x0800af8f   Thumb Code    64  stm32f10x_rcc.o(.text)
    RCC_ClearITPendingBit                    0x0800afcf   Thumb Code    34  stm32f10x_rcc.o(.text)
    PWR_DeInit                               0x0800b015   Thumb Code    22  stm32f10x_pwr.o(.text)
    PWR_BackupAccessCmd                      0x0800b02b   Thumb Code    26  stm32f10x_pwr.o(.text)
    PWR_PVDCmd                               0x0800b045   Thumb Code    26  stm32f10x_pwr.o(.text)
    PWR_PVDLevelConfig                       0x0800b05f   Thumb Code    60  stm32f10x_pwr.o(.text)
    PWR_WakeUpPinCmd                         0x0800b09b   Thumb Code    26  stm32f10x_pwr.o(.text)
    PWR_EnterSTOPMode                        0x0800b0b5   Thumb Code    90  stm32f10x_pwr.o(.text)
    PWR_EnterSTANDBYMode                     0x0800b10f   Thumb Code    42  stm32f10x_pwr.o(.text)
    PWR_GetFlagStatus                        0x0800b139   Thumb Code    48  stm32f10x_pwr.o(.text)
    PWR_ClearFlag                            0x0800b169   Thumb Code    38  stm32f10x_pwr.o(.text)
    BKP_DeInit                               0x0800b1dd   Thumb Code    16  stm32f10x_bkp.o(.text)
    BKP_TamperPinLevelConfig                 0x0800b1ed   Thumb Code    26  stm32f10x_bkp.o(.text)
    BKP_TamperPinCmd                         0x0800b207   Thumb Code    28  stm32f10x_bkp.o(.text)
    BKP_ITConfig                             0x0800b223   Thumb Code    28  stm32f10x_bkp.o(.text)
    BKP_RTCOutputConfig                      0x0800b23f   Thumb Code    52  stm32f10x_bkp.o(.text)
    BKP_SetRTCCalibrationValue               0x0800b273   Thumb Code    38  stm32f10x_bkp.o(.text)
    BKP_WriteBackupRegister                  0x0800b299   Thumb Code   206  stm32f10x_bkp.o(.text)
    BKP_ReadBackupRegister                   0x0800b367   Thumb Code   204  stm32f10x_bkp.o(.text)
    BKP_GetFlagStatus                        0x0800b433   Thumb Code    10  stm32f10x_bkp.o(.text)
    BKP_ClearFlag                            0x0800b43d   Thumb Code    18  stm32f10x_bkp.o(.text)
    BKP_GetITStatus                          0x0800b44f   Thumb Code    10  stm32f10x_bkp.o(.text)
    BKP_ClearITPendingBit                    0x0800b459   Thumb Code    18  stm32f10x_bkp.o(.text)
    RTC_ITConfig                             0x0800b4b1   Thumb Code    68  stm32f10x_rtc.o(.text)
    RTC_EnterConfigMode                      0x0800b4f5   Thumb Code    18  stm32f10x_rtc.o(.text)
    RTC_ExitConfigMode                       0x0800b507   Thumb Code    20  stm32f10x_rtc.o(.text)
    RTC_GetCounter                           0x0800b51b   Thumb Code    18  stm32f10x_rtc.o(.text)
    RTC_SetCounter                           0x0800b52d   Thumb Code    26  stm32f10x_rtc.o(.text)
    RTC_SetPrescaler                         0x0800b547   Thumb Code    44  stm32f10x_rtc.o(.text)
    RTC_SetAlarm                             0x0800b573   Thumb Code    26  stm32f10x_rtc.o(.text)
    RTC_GetDivider                           0x0800b58d   Thumb Code    22  stm32f10x_rtc.o(.text)
    RTC_WaitForLastTask                      0x0800b5a3   Thumb Code    16  stm32f10x_rtc.o(.text)
    RTC_WaitForSynchro                       0x0800b5b3   Thumb Code    34  stm32f10x_rtc.o(.text)
    RTC_GetFlagStatus                        0x0800b5d5   Thumb Code    56  stm32f10x_rtc.o(.text)
    RTC_ClearFlag                            0x0800b60d   Thumb Code    42  stm32f10x_rtc.o(.text)
    RTC_GetITStatus                          0x0800b637   Thumb Code    60  stm32f10x_rtc.o(.text)
    RTC_ClearITPendingBit                    0x0800b673   Thumb Code    42  stm32f10x_rtc.o(.text)
    GPIO_DeInit                              0x0800b6dd   Thumb Code   224  stm32f10x_gpio.o(.text)
    GPIO_AFIODeInit                          0x0800b7bd   Thumb Code    20  stm32f10x_gpio.o(.text)
    GPIO_Init                                0x0800b7d1   Thumb Code   378  stm32f10x_gpio.o(.text)
    GPIO_StructInit                          0x0800b94b   Thumb Code    16  stm32f10x_gpio.o(.text)
    GPIO_ReadInputDataBit                    0x0800b95b   Thumb Code   170  stm32f10x_gpio.o(.text)
    GPIO_ReadInputData                       0x0800ba05   Thumb Code    64  stm32f10x_gpio.o(.text)
    GPIO_ReadOutputDataBit                   0x0800ba45   Thumb Code   260  stm32f10x_gpio.o(.text)
    GPIO_ReadOutputData                      0x0800bb49   Thumb Code    66  stm32f10x_gpio.o(.text)
    GPIO_SetBits                             0x0800bb8b   Thumb Code    86  stm32f10x_gpio.o(.text)
    GPIO_ResetBits                           0x0800bbe1   Thumb Code    86  stm32f10x_gpio.o(.text)
    GPIO_WriteBit                            0x0800bc37   Thumb Code   188  stm32f10x_gpio.o(.text)
    GPIO_Write                               0x0800bcf3   Thumb Code    66  stm32f10x_gpio.o(.text)
    GPIO_PinLockConfig                       0x0800bd35   Thumb Code   100  stm32f10x_gpio.o(.text)
    GPIO_EventOutputConfig                   0x0800bd99   Thumb Code   138  stm32f10x_gpio.o(.text)
    GPIO_EventOutputCmd                      0x0800be23   Thumb Code    30  stm32f10x_gpio.o(.text)
    GPIO_PinRemapConfig                      0x0800be41   Thumb Code   538  stm32f10x_gpio.o(.text)
    GPIO_EXTILineConfig                      0x0800c05b   Thumb Code   186  stm32f10x_gpio.o(.text)
    GPIO_ETH_MediaInterfaceConfig            0x0800c115   Thumb Code    30  stm32f10x_gpio.o(.text)
    USART_DeInit                             0x0800c149   Thumb Code   174  stm32f10x_usart.o(.text)
    USART_Init                               0x0800c1f7   Thumb Code   450  stm32f10x_usart.o(.text)
    USART_StructInit                         0x0800c3b9   Thumb Code    24  stm32f10x_usart.o(.text)
    USART_ClockInit                          0x0800c3d1   Thumb Code   162  stm32f10x_usart.o(.text)
    USART_ClockStructInit                    0x0800c473   Thumb Code    12  stm32f10x_usart.o(.text)
    USART_Cmd                                0x0800c47f   Thumb Code    90  stm32f10x_usart.o(.text)
    USART_ITConfig                           0x0800c4d9   Thumb Code   338  stm32f10x_usart.o(.text)
    USART_DMACmd                             0x0800c62b   Thumb Code   114  stm32f10x_usart.o(.text)
    USART_SetAddress                         0x0800c69d   Thumb Code    86  stm32f10x_usart.o(.text)
    USART_WakeUpConfig                       0x0800c6f3   Thumb Code    90  stm32f10x_usart.o(.text)
    USART_ReceiverWakeUpCmd                  0x0800c74d   Thumb Code    94  stm32f10x_usart.o(.text)
    USART_LINBreakDetectLengthConfig         0x0800c7ab   Thumb Code    88  stm32f10x_usart.o(.text)
    USART_LINCmd                             0x0800c803   Thumb Code    94  stm32f10x_usart.o(.text)
    USART_SendData                           0x0800c861   Thumb Code    78  stm32f10x_usart.o(.text)
    USART_ReceiveData                        0x0800c8af   Thumb Code    56  stm32f10x_usart.o(.text)
    USART_SendBreak                          0x0800c8e7   Thumb Code    58  stm32f10x_usart.o(.text)
    USART_SetGuardTime                       0x0800c921   Thumb Code    54  stm32f10x_usart.o(.text)
    USART_SetPrescaler                       0x0800c957   Thumb Code    66  stm32f10x_usart.o(.text)
    USART_SmartCardCmd                       0x0800c999   Thumb Code   104  stm32f10x_usart.o(.text)
    USART_SmartCardNACKCmd                   0x0800ca01   Thumb Code    82  stm32f10x_usart.o(.text)
    USART_HalfDuplexCmd                      0x0800ca53   Thumb Code    94  stm32f10x_usart.o(.text)
    USART_OverSampling8Cmd                   0x0800cab1   Thumb Code    92  stm32f10x_usart.o(.text)
    USART_OneBitMethodCmd                    0x0800cb0d   Thumb Code    94  stm32f10x_usart.o(.text)
    USART_IrDAConfig                         0x0800cb6b   Thumb Code    88  stm32f10x_usart.o(.text)
    USART_IrDACmd                            0x0800cbc3   Thumb Code    94  stm32f10x_usart.o(.text)
    USART_GetFlagStatus                      0x0800cc21   Thumb Code   164  stm32f10x_usart.o(.text)
    USART_ClearFlag                          0x0800ccc5   Thumb Code   122  stm32f10x_usart.o(.text)
    USART_GetITStatus                        0x0800cd3f   Thumb Code   276  stm32f10x_usart.o(.text)
    USART_ClearITPendingBit                  0x0800ce53   Thumb Code   156  stm32f10x_usart.o(.text)
    DMA_DeInit                               0x0800cf05   Thumb Code   430  stm32f10x_dma.o(.text)
    DMA_Init                                 0x0800d0b3   Thumb Code   388  stm32f10x_dma.o(.text)
    DMA_StructInit                           0x0800d237   Thumb Code    26  stm32f10x_dma.o(.text)
    DMA_Cmd                                  0x0800d251   Thumb Code   220  stm32f10x_dma.o(.text)
    DMA_ITConfig                             0x0800d32d   Thumb Code   174  stm32f10x_dma.o(.text)
    DMA_SetCurrDataCounter                   0x0800d3db   Thumb Code   116  stm32f10x_dma.o(.text)
    DMA_GetCurrDataCounter                   0x0800d44f   Thumb Code   116  stm32f10x_dma.o(.text)
    DMA_GetFlagStatus                        0x0800d4c3   Thumb Code   326  stm32f10x_dma.o(.text)
    DMA_ClearFlag                            0x0800d609   Thumb Code    54  stm32f10x_dma.o(.text)
    DMA_GetITStatus                          0x0800d63f   Thumb Code   376  stm32f10x_dma.o(.text)
    DMA_ClearITPendingBit                    0x0800d7b7   Thumb Code    52  stm32f10x_dma.o(.text)
    NVIC_PriorityGroupConfig                 0x0800d811   Thumb Code    54  misc.o(.text)
    NVIC_Init                                0x0800d847   Thumb Code   160  misc.o(.text)
    NVIC_SetVectorTable                      0x0800d8e7   Thumb Code    60  misc.o(.text)
    NVIC_SystemLPConfig                      0x0800d923   Thumb Code    78  misc.o(.text)
    SysTick_CLKSourceConfig                  0x0800d971   Thumb Code    62  misc.o(.text)
    Reset_Handler                            0x0800d9f9   Thumb Code     8  startup_stm32f10x_hd.o(.text)
    ADC1_2_IRQHandler                        0x0800da13   Thumb Code     0  startup_stm32f10x_hd.o(.text)
    ADC3_IRQHandler                          0x0800da13   Thumb Code     0  startup_stm32f10x_hd.o(.text)
    CAN1_RX1_IRQHandler                      0x0800da13   Thumb Code     0  startup_stm32f10x_hd.o(.text)
    CAN1_SCE_IRQHandler                      0x0800da13   Thumb Code     0  startup_stm32f10x_hd.o(.text)
    DMA1_Channel1_IRQHandler                 0x0800da13   Thumb Code     0  startup_stm32f10x_hd.o(.text)
    DMA1_Channel3_IRQHandler                 0x0800da13   Thumb Code     0  startup_stm32f10x_hd.o(.text)
    DMA1_Channel4_IRQHandler                 0x0800da13   Thumb Code     0  startup_stm32f10x_hd.o(.text)
    DMA1_Channel5_IRQHandler                 0x0800da13   Thumb Code     0  startup_stm32f10x_hd.o(.text)
    DMA1_Channel6_IRQHandler                 0x0800da13   Thumb Code     0  startup_stm32f10x_hd.o(.text)
    DMA1_Channel7_IRQHandler                 0x0800da13   Thumb Code     0  startup_stm32f10x_hd.o(.text)
    DMA2_Channel1_IRQHandler                 0x0800da13   Thumb Code     0  startup_stm32f10x_hd.o(.text)
    DMA2_Channel2_IRQHandler                 0x0800da13   Thumb Code     0  startup_stm32f10x_hd.o(.text)
    DMA2_Channel3_IRQHandler                 0x0800da13   Thumb Code     0  startup_stm32f10x_hd.o(.text)
    DMA2_Channel4_5_IRQHandler               0x0800da13   Thumb Code     0  startup_stm32f10x_hd.o(.text)
    EXTI0_IRQHandler                         0x0800da13   Thumb Code     0  startup_stm32f10x_hd.o(.text)
    EXTI15_10_IRQHandler                     0x0800da13   Thumb Code     0  startup_stm32f10x_hd.o(.text)
    EXTI1_IRQHandler                         0x0800da13   Thumb Code     0  startup_stm32f10x_hd.o(.text)
    EXTI2_IRQHandler                         0x0800da13   Thumb Code     0  startup_stm32f10x_hd.o(.text)
    EXTI3_IRQHandler                         0x0800da13   Thumb Code     0  startup_stm32f10x_hd.o(.text)
    EXTI4_IRQHandler                         0x0800da13   Thumb Code     0  startup_stm32f10x_hd.o(.text)
    EXTI9_5_IRQHandler                       0x0800da13   Thumb Code     0  startup_stm32f10x_hd.o(.text)
    FLASH_IRQHandler                         0x0800da13   Thumb Code     0  startup_stm32f10x_hd.o(.text)
    FSMC_IRQHandler                          0x0800da13   Thumb Code     0  startup_stm32f10x_hd.o(.text)
    I2C1_ER_IRQHandler                       0x0800da13   Thumb Code     0  startup_stm32f10x_hd.o(.text)
    I2C1_EV_IRQHandler                       0x0800da13   Thumb Code     0  startup_stm32f10x_hd.o(.text)
    I2C2_ER_IRQHandler                       0x0800da13   Thumb Code     0  startup_stm32f10x_hd.o(.text)
    I2C2_EV_IRQHandler                       0x0800da13   Thumb Code     0  startup_stm32f10x_hd.o(.text)
    PVD_IRQHandler                           0x0800da13   Thumb Code     0  startup_stm32f10x_hd.o(.text)
    RCC_IRQHandler                           0x0800da13   Thumb Code     0  startup_stm32f10x_hd.o(.text)
    RTCAlarm_IRQHandler                      0x0800da13   Thumb Code     0  startup_stm32f10x_hd.o(.text)
    RTC_IRQHandler                           0x0800da13   Thumb Code     0  startup_stm32f10x_hd.o(.text)
    SDIO_IRQHandler                          0x0800da13   Thumb Code     0  startup_stm32f10x_hd.o(.text)
    SPI1_IRQHandler                          0x0800da13   Thumb Code     0  startup_stm32f10x_hd.o(.text)
    SPI2_IRQHandler                          0x0800da13   Thumb Code     0  startup_stm32f10x_hd.o(.text)
    SPI3_IRQHandler                          0x0800da13   Thumb Code     0  startup_stm32f10x_hd.o(.text)
    TAMPER_IRQHandler                        0x0800da13   Thumb Code     0  startup_stm32f10x_hd.o(.text)
    TIM1_BRK_IRQHandler                      0x0800da13   Thumb Code     0  startup_stm32f10x_hd.o(.text)
    TIM1_CC_IRQHandler                       0x0800da13   Thumb Code     0  startup_stm32f10x_hd.o(.text)
    TIM1_TRG_COM_IRQHandler                  0x0800da13   Thumb Code     0  startup_stm32f10x_hd.o(.text)
    TIM1_UP_IRQHandler                       0x0800da13   Thumb Code     0  startup_stm32f10x_hd.o(.text)
    TIM2_IRQHandler                          0x0800da13   Thumb Code     0  startup_stm32f10x_hd.o(.text)
    TIM3_IRQHandler                          0x0800da13   Thumb Code     0  startup_stm32f10x_hd.o(.text)
    TIM4_IRQHandler                          0x0800da13   Thumb Code     0  startup_stm32f10x_hd.o(.text)
    TIM5_IRQHandler                          0x0800da13   Thumb Code     0  startup_stm32f10x_hd.o(.text)
    TIM6_IRQHandler                          0x0800da13   Thumb Code     0  startup_stm32f10x_hd.o(.text)
    TIM7_IRQHandler                          0x0800da13   Thumb Code     0  startup_stm32f10x_hd.o(.text)
    TIM8_BRK_IRQHandler                      0x0800da13   Thumb Code     0  startup_stm32f10x_hd.o(.text)
    TIM8_CC_IRQHandler                       0x0800da13   Thumb Code     0  startup_stm32f10x_hd.o(.text)
    TIM8_TRG_COM_IRQHandler                  0x0800da13   Thumb Code     0  startup_stm32f10x_hd.o(.text)
    TIM8_UP_IRQHandler                       0x0800da13   Thumb Code     0  startup_stm32f10x_hd.o(.text)
    UART4_IRQHandler                         0x0800da13   Thumb Code     0  startup_stm32f10x_hd.o(.text)
    UART5_IRQHandler                         0x0800da13   Thumb Code     0  startup_stm32f10x_hd.o(.text)
    USBWakeUp_IRQHandler                     0x0800da13   Thumb Code     0  startup_stm32f10x_hd.o(.text)
    USB_HP_CAN1_TX_IRQHandler                0x0800da13   Thumb Code     0  startup_stm32f10x_hd.o(.text)
    USB_LP_CAN1_RX0_IRQHandler               0x0800da13   Thumb Code     0  startup_stm32f10x_hd.o(.text)
    WWDG_IRQHandler                          0x0800da13   Thumb Code     0  startup_stm32f10x_hd.o(.text)
    __user_initial_stackheap                 0x0800da15   Thumb Code     0  startup_stm32f10x_hd.o(.text)
    atoi                                     0x0800da39   Thumb Code    26  atoi.o(.text)
    strlen                                   0x0800da53   Thumb Code    62  strlen.o(.text)
    strncmp                                  0x0800da91   Thumb Code   150  strncmp.o(.text)
    __aeabi_memcpy                           0x0800db27   Thumb Code     0  rt_memcpy_v6.o(.text)
    __rt_memcpy                              0x0800db27   Thumb Code   138  rt_memcpy_v6.o(.text)
    _memcpy_lastbytes                        0x0800db8d   Thumb Code     0  rt_memcpy_v6.o(.text)
    __aeabi_memcpy4                          0x0800dbb1   Thumb Code     0  rt_memcpy_w.o(.text)
    __aeabi_memcpy8                          0x0800dbb1   Thumb Code     0  rt_memcpy_w.o(.text)
    __rt_memcpy_w                            0x0800dbb1   Thumb Code   100  rt_memcpy_w.o(.text)
    _memcpy_lastbytes_aligned                0x0800dbf9   Thumb Code     0  rt_memcpy_w.o(.text)
    __aeabi_memclr                           0x0800dc15   Thumb Code     0  rt_memclr.o(.text)
    __rt_memclr                              0x0800dc15   Thumb Code    68  rt_memclr.o(.text)
    _memset                                  0x0800dc19   Thumb Code     0  rt_memclr.o(.text)
    __aeabi_memclr4                          0x0800dc59   Thumb Code     0  rt_memclr_w.o(.text)
    __aeabi_memclr8                          0x0800dc59   Thumb Code     0  rt_memclr_w.o(.text)
    __rt_memclr_w                            0x0800dc59   Thumb Code    78  rt_memclr_w.o(.text)
    _memset_w                                0x0800dc5d   Thumb Code     0  rt_memclr_w.o(.text)
    strncpy                                  0x0800dca7   Thumb Code    86  strncpy.o(.text)
    ctime                                    0x0800dcfd   Thumb Code    14  ctime.o(.text)
    localtime                                0x0800dd0d   Thumb Code     6  localtime.o(.text)
    mktime                                   0x0800dd4f   Thumb Code   358  mktime.o(.text)
    __use_two_region_memory                  0x0800debd   Thumb Code     2  heapauxi.o(.text)
    __rt_heap_escrow$2region                 0x0800debf   Thumb Code     2  heapauxi.o(.text)
    __rt_heap_expand$2region                 0x0800dec1   Thumb Code     2  heapauxi.o(.text)
    __aeabi_errno_addr                       0x0800dec5   Thumb Code     8  rt_errno_addr_intlibspace.o(.text)
    __errno$intlibspace                      0x0800dec5   Thumb Code     0  rt_errno_addr_intlibspace.o(.text)
    __rt_errno_addr$intlibspace              0x0800dec5   Thumb Code     0  rt_errno_addr_intlibspace.o(.text)
    strtol                                   0x0800decd   Thumb Code   112  strtol.o(.text)
    asctime                                  0x0800df3d   Thumb Code     6  asctime.o(.text)
    _localtime_r                             0x0800df49   Thumb Code   158  localtime_internal.o(.text)
    _n$localtime_r                           0x0800df49   Thumb Code     0  localtime_internal.o(.text)
    __user_libspace                          0x0800dfed   Thumb Code     8  libspace.o(.text)
    __user_perproc_libspace                  0x0800dfed   Thumb Code     0  libspace.o(.text)
    __user_perthread_libspace                0x0800dfed   Thumb Code     0  libspace.o(.text)
    __rt_ctype_table                         0x0800dff5   Thumb Code    16  rt_ctype_table.o(.text)
    _strtoul                                 0x0800e005   Thumb Code   158  _strtoul.o(.text)
    _asctime_r                               0x0800e0a5   Thumb Code    74  asctime_internal.o(.text)
    _n$asctime_r                             0x0800e0a5   Thumb Code     0  asctime_internal.o(.text)
    __user_setup_stackheap                   0x0800e10d   Thumb Code    74  sys_stackheap_outer.o(.text)
    __rt_locale                              0x0800e159   Thumb Code     8  rt_locale_intlibspace.o(.text)
    sprintf                                  0x0800e161   Thumb Code    38  sprintf.o(.text)
    _chval                                   0x0800e18d   Thumb Code    28  _chval.o(.text)
    exit                                     0x0800e1a9   Thumb Code    12  exit.o(.text)
    _printf_pre_padding                      0x0800e1b5   Thumb Code    46  _printf_pad.o(.text)
    _printf_post_padding                     0x0800e1e3   Thumb Code    36  _printf_pad.o(.text)
    _printf_truncate_signed                  0x0800e207   Thumb Code    18  _printf_truncate.o(.text)
    _printf_truncate_unsigned                0x0800e219   Thumb Code    18  _printf_truncate.o(.text)
    _printf_str                              0x0800e22b   Thumb Code    82  _printf_str.o(.text)
    _printf_int_dec                          0x0800e27d   Thumb Code   102  _printf_dec.o(.text)
    _printf_charcount                        0x0800e2f5   Thumb Code    42  _printf_charcount.o(.text)
    _printf_char_common                      0x0800e32b   Thumb Code    32  _printf_char_common.o(.text)
    _sputc                                   0x0800e351   Thumb Code    10  _sputc.o(.text)
    _printf_wctomb                           0x0800e35d   Thumb Code   182  _printf_wctomb.o(.text)
    _printf_longlong_dec                     0x0800e419   Thumb Code   104  _printf_longlong_dec.o(.text)
    _printf_longlong_oct                     0x0800e491   Thumb Code    76  _printf_oct_int_ll.o(.text)
    _printf_int_oct                          0x0800e4dd   Thumb Code    24  _printf_oct_int_ll.o(.text)
    _printf_ll_oct                           0x0800e4f5   Thumb Code    12  _printf_oct_int_ll.o(.text)
    _printf_longlong_hex                     0x0800e509   Thumb Code    92  _printf_hex_int_ll_ptr.o(.text)
    _printf_int_hex                          0x0800e565   Thumb Code    28  _printf_hex_int_ll_ptr.o(.text)
    _printf_ll_hex                           0x0800e581   Thumb Code    12  _printf_hex_int_ll_ptr.o(.text)
    _printf_hex_ptr                          0x0800e58d   Thumb Code    18  _printf_hex_int_ll_ptr.o(.text)
    __printf                                 0x0800e5a5   Thumb Code   390  __printf_flags_ss_wp.o(.text)
    _ll_udiv10                               0x0800e731   Thumb Code   138  lludiv10.o(.text)
    _printf_int_common                       0x0800e7bb   Thumb Code   184  _printf_intcommon.o(.text)
    __lib_sel_fp_printf                      0x0800e873   Thumb Code     2  _printf_fp_dec.o(.text)
    _printf_fp_dec_real                      0x0800ea1f   Thumb Code   628  _printf_fp_dec.o(.text)
    _printf_fp_hex_real                      0x0800ec95   Thumb Code   760  _printf_fp_hex.o(.text)
    _printf_cs_common                        0x0800ef95   Thumb Code    20  _printf_char.o(.text)
    _printf_char                             0x0800efa9   Thumb Code    16  _printf_char.o(.text)
    _printf_string                           0x0800efb9   Thumb Code     8  _printf_char.o(.text)
    _printf_lcs_common                       0x0800efc1   Thumb Code    20  _printf_wchar.o(.text)
    _printf_wchar                            0x0800efd5   Thumb Code    16  _printf_wchar.o(.text)
    _printf_wstring                          0x0800efe5   Thumb Code     8  _printf_wchar.o(.text)
    _wcrtomb                                 0x0800efed   Thumb Code    64  _wcrtomb.o(.text)
    _sys_exit                                0x0800f02d   Thumb Code     8  sys_exit.o(.text)
    _printf_fp_infnan                        0x0800f039   Thumb Code   112  _printf_fp_infnan.o(.text)
    _btod_etento                             0x0800f0b9   Thumb Code   222  bigflt0.o(.text)
    __I$use$semihosting                      0x0800f19d   Thumb Code     0  use_no_semi.o(.text)
    __use_no_semihosting_swi                 0x0800f19d   Thumb Code     2  use_no_semi.o(.text)
    __semihosting_library_function           0x0800f19f   Thumb Code     0  indicate_semi.o(.text)
    _btod_d2e                                0x0800f19f   Thumb Code    62  btod.o(CL$$btod_d2e)
    _d2e_denorm_low                          0x0800f1dd   Thumb Code    70  btod.o(CL$$btod_d2e_denorm_low)
    _d2e_norm_op1                            0x0800f223   Thumb Code    96  btod.o(CL$$btod_d2e_norm_op1)
    __btod_div_common                        0x0800f283   Thumb Code   696  btod.o(CL$$btod_div_common)
    _e2e                                     0x0800f5bb   Thumb Code   198  btod.o(CL$$btod_e2e)
    _btod_ediv                               0x0800f681   Thumb Code    40  btod.o(CL$$btod_ediv)
    _btod_emul                               0x0800f6a9   Thumb Code    40  btod.o(CL$$btod_emul)
    __btod_mult_common                       0x0800f6d1   Thumb Code   580  btod.o(CL$$btod_mult_common)
    __ARM_fpclassify                         0x0800f915   Thumb Code    40  fpclassify.o(i.__ARM_fpclassify)
    _is_digit                                0x0800f93d   Thumb Code    14  __printf_wp.o(i._is_digit)
    _get_lc_ctype                            0x0800f94d   Thumb Code    44  lc_ctype_c.o(locale$$code)
    _get_lc_time                             0x0800f979   Thumb Code    44  lc_time_c.o(locale$$code)
    _get_lc_numeric                          0x0800f9a5   Thumb Code    44  lc_numeric_c.o(locale$$code)
    _printf_fp_dec                           0x0800f9d1   Thumb Code     4  printf1.o(x$fpl$printf1)
    _printf_fp_hex                           0x0800f9d5   Thumb Code     4  printf2.o(x$fpl$printf2)
    __I$use$fp                               0x0800f9d8   Number         0  usenofp.o(x$fpl$usenofp)
    __fsym_set_date_name                     0x0800f9d8   Data           9  rtc.o(.constdata)
    __fsym_set_date_desc                     0x0800f9e1   Data          35  rtc.o(.constdata)
    __fsym_set_time_name                     0x0800fa04   Data           9  rtc.o(.constdata)
    __fsym_set_time_desc                     0x0800fa0d   Data          34  rtc.o(.constdata)
    __fsym_list_date_name                    0x0800fa2f   Data          10  rtc.o(.constdata)
    __fsym_list_date_desc                    0x0800fa39   Data          20  rtc.o(.constdata)
    __fsym_led_name                          0x0800fae1   Data           4  led.o(.constdata)
    __fsym_led_desc                          0x0800fae5   Data          32  led.o(.constdata)
    __fsym_list_mem_name                     0x0800fdac   Data           9  mem.o(.constdata)
    __fsym_list_mem_desc                     0x0800fdb5   Data          30  mem.o(.constdata)
    rt_lowest_bitmap                         0x0800ffa8   Data         256  scheduler.o(.constdata)
    __fsym_hello_name                        0x08010210   Data           6  cmd.o(.constdata)
    __fsym_hello_desc                        0x08010216   Data          16  cmd.o(.constdata)
    __fsym_version_name                      0x08010226   Data           8  cmd.o(.constdata)
    __fsym_version_desc                      0x0801022e   Data          35  cmd.o(.constdata)
    __fsym_list_thread_name                  0x08010251   Data          12  cmd.o(.constdata)
    __fsym_list_thread_desc                  0x0801025d   Data          12  cmd.o(.constdata)
    __fsym_list_sem_name                     0x08010269   Data           9  cmd.o(.constdata)
    __fsym_list_sem_desc                     0x08010272   Data          25  cmd.o(.constdata)
    __fsym_list_event_name                   0x0801028b   Data          11  cmd.o(.constdata)
    __fsym_list_event_desc                   0x08010296   Data          21  cmd.o(.constdata)
    __fsym_list_mutex_name                   0x080102ab   Data          11  cmd.o(.constdata)
    __fsym_list_mutex_desc                   0x080102b6   Data          21  cmd.o(.constdata)
    __fsym_list_mailbox_name                 0x080102cb   Data          13  cmd.o(.constdata)
    __fsym_list_mailbox_desc                 0x080102d8   Data          24  cmd.o(.constdata)
    __fsym_list_msgqueue_name                0x080102f0   Data          14  cmd.o(.constdata)
    __fsym_list_msgqueue_desc                0x080102fe   Data          29  cmd.o(.constdata)
    __fsym_list_mempool_name                 0x0801031b   Data          13  cmd.o(.constdata)
    __fsym_list_mempool_desc                 0x08010328   Data          27  cmd.o(.constdata)
    __fsym_list_timer_name                   0x08010343   Data          11  cmd.o(.constdata)
    __fsym_list_timer_desc                   0x0801034e   Data          21  cmd.o(.constdata)
    __fsym_list_device_name                  0x08010363   Data          12  cmd.o(.constdata)
    __fsym_list_device_desc                  0x0801036f   Data          22  cmd.o(.constdata)
    __fsym_list_name                         0x08010385   Data           5  cmd.o(.constdata)
    __fsym_list_desc                         0x0801038a   Data          26  cmd.o(.constdata)
    __vsym_dummy_name                        0x080103a4   Data           6  cmd.o(.constdata)
    __vsym_dummy_desc                        0x080103aa   Data          25  cmd.o(.constdata)
    op_table                                 0x0801049c   Data         196  finsh_ops.o(.constdata)
    _monlen                                  0x080105ed   Data          12  _monlen.o(.constdata)
    FSymTab$$Base                            0x080108d4   Number         0  rtc.o(FSymTab)
    __fsym_set_date                          0x080108d4   Data          12  rtc.o(FSymTab)
    __fsym_set_time                          0x080108e0   Data          12  rtc.o(FSymTab)
    __fsym_list_date                         0x080108ec   Data          12  rtc.o(FSymTab)
    __fsym_led                               0x080108f8   Data          12  led.o(FSymTab)
    __fsym_list_mem                          0x08010904   Data          12  mem.o(FSymTab)
    __fsym_hello                             0x08010910   Data          12  cmd.o(FSymTab)
    __fsym_version                           0x0801091c   Data          12  cmd.o(FSymTab)
    __fsym_list_thread                       0x08010928   Data          12  cmd.o(FSymTab)
    __fsym_list_sem                          0x08010934   Data          12  cmd.o(FSymTab)
    __fsym_list_event                        0x08010940   Data          12  cmd.o(FSymTab)
    __fsym_list_mutex                        0x0801094c   Data          12  cmd.o(FSymTab)
    __fsym_list_mailbox                      0x08010958   Data          12  cmd.o(FSymTab)
    __fsym_list_msgqueue                     0x08010964   Data          12  cmd.o(FSymTab)
    __fsym_list_mempool                      0x08010970   Data          12  cmd.o(FSymTab)
    __fsym_list_timer                        0x0801097c   Data          12  cmd.o(FSymTab)
    __fsym_list_device                       0x08010988   Data          12  cmd.o(FSymTab)
    __fsym_list                              0x08010994   Data          12  cmd.o(FSymTab)
    FSymTab$$Limit                           0x080109a0   Number         0  cmd.o(FSymTab)
    Region$$Table$$Base                      0x080109a0   Number         0  anon$$obj.o(Region$$Table)
    Region$$Table$$Limit                     0x080109c0   Number         0  anon$$obj.o(Region$$Table)
    VSymTab$$Base                            0x080109c0   Number         0  cmd.o(VSymTab)
    __vsym_dummy                             0x080109c0   Data          16  cmd.o(VSymTab)
    VSymTab$$Limit                           0x080109d0   Number         0  cmd.o(VSymTab)
    __ctype                                  0x080109dd   Data           0  lc_ctype_c.o(locale$$data)
    uart1                                    0x20000000   Data          12  usart.o(.data)
    rt_interrupt_nest                        0x20000018   Data           1  irq.o(.data)
    rt_object_container                      0x2000004c   Data         144  object.o(.data)
    rt_object_trytake_hook                   0x200000e4   Data           4  object.o(.data)
    rt_object_take_hook                      0x200000e8   Data           4  object.o(.data)
    rt_object_put_hook                       0x200000ec   Data           4  object.o(.data)
    rt_current_thread                        0x200000f4   Data           4  scheduler.o(.data)
    rt_current_priority                      0x200000f8   Data           1  scheduler.o(.data)
    rt_thread_ready_priority_group           0x200000fc   Data           4  scheduler.o(.data)
    rt_thread_defunct                        0x20000100   Data           8  scheduler.o(.data)
    rt_interrupt_from_thread                 0x2000011c   Data           4  cpuport.o(.data)
    rt_interrupt_to_thread                   0x20000120   Data           4  cpuport.o(.data)
    rt_thread_switch_interrupt_flag          0x20000124   Data           4  cpuport.o(.data)
    finsh_compile_sp                         0x2000012c   Data           4  finsh_compiler.o(.data)
    finsh_compile_pc                         0x20000130   Data           4  finsh_compiler.o(.data)
    global_errno                             0x20000170   Data           1  finsh_error.o(.data)
    global_sysvar_list                       0x2000017c   Data           4  finsh_var.o(.data)
    global_syscall_list                      0x20000180   Data           4  finsh_vm.o(.data)
    finsh_sp                                 0x20000184   Data           4  finsh_vm.o(.data)
    finsh_pc                                 0x20000188   Data           4  finsh_vm.o(.data)
    shell                                    0x2000018c   Data           4  shell.o(.data)
    _syscall_table_begin                     0x20000190   Data           4  symbol.o(.data)
    _syscall_table_end                       0x20000194   Data           4  symbol.o(.data)
    _sysvar_table_begin                      0x20000198   Data           4  symbol.o(.data)
    _sysvar_table_end                        0x2000019c   Data           4  symbol.o(.data)
    SystemCoreClock                          0x200001a0   Data           4  system_stm32f10x.o(.data)
    AHBPrescTable                            0x200001a4   Data          16  system_stm32f10x.o(.data)
    uart1_int_rx                             0x20000488   Data          72  usart.o(.bss)
    uart1_device                             0x200004d0   Data          64  usart.o(.bss)
    rt_thread_priority_table                 0x20000730   Data         256  scheduler.o(.bss)
    finsh_heap                               0x20000830   Data         128  finsh_heap.o(.bss)
    global_node_table                        0x200008b0   Data         320  finsh_node.o(.bss)
    global_variable                          0x200009f0   Data         192  finsh_var.o(.bss)
    finsh_vm_stack                           0x20000ab0   Data         256  finsh_vm.o(.bss)
    text_segment                             0x20000bb0   Data         128  finsh_vm.o(.bss)
    __libspace_start                         0x20001520   Data          96  libspace.o(.bss)
    __temporary_stack_top$libspace           0x20001580   Data           0  libspace.o(.bss)
    Image$$RW_IRAM1$$ZI$$Limit               0x20001b80   Number         0  startup_stm32f10x_hd.o(STACK)



==============================================================================

Memory Map of the image

  Image Entry point : 0x08000131

  Load Region LR_IROM1 (Base: 0x08000000, Size: 0x00010e3c, Max: 0x00080000, ABSOLUTE, COMPRESSED[0x00010d20])

    Execution Region ER_IROM1 (Base: 0x08000000, Size: 0x00010c74, Max: 0x00080000, ABSOLUTE)

    Base Addr    Size         Type   Attr      Idx    E Section Name        Object

    0x08000000   0x00000130   Data   RO         1114    RESET               startup_stm32f10x_hd.o
    0x08000130   0x00000008   Code   RO         1146  * !!!main             c_w.l(__main.o)
    0x08000138   0x00000034   Code   RO         1488    !!!scatter          c_w.l(__scatter.o)
    0x0800016c   0x0000005a   Code   RO         1486    !!dczerorl2         c_w.l(__dczerorl2.o)
    0x080001c6   0x00000002   PAD
    0x080001c8   0x0000001c   Code   RO         1490    !!handler_zi        c_w.l(__scatter_zi.o)
    0x080001e4   0x00000000   Code   RO         1294    .ARM.Collect$$_printf_percent$$00000000  c_w.l(_printf_percent.o)
    0x080001e4   0x00000006   Code   RO         1283    .ARM.Collect$$_printf_percent$$00000001  c_w.l(_printf_n.o)
    0x080001ea   0x00000006   Code   RO         1285    .ARM.Collect$$_printf_percent$$00000002  c_w.l(_printf_p.o)
    0x080001f0   0x00000006   Code   RO         1290    .ARM.Collect$$_printf_percent$$00000003  c_w.l(_printf_f.o)
    0x080001f6   0x00000006   Code   RO         1291    .ARM.Collect$$_printf_percent$$00000004  c_w.l(_printf_e.o)
    0x080001fc   0x00000006   Code   RO         1292    .ARM.Collect$$_printf_percent$$00000005  c_w.l(_printf_g.o)
    0x08000202   0x00000006   Code   RO         1293    .ARM.Collect$$_printf_percent$$00000006  c_w.l(_printf_a.o)
    0x08000208   0x0000000a   Code   RO         1298    .ARM.Collect$$_printf_percent$$00000007  c_w.l(_printf_ll.o)
    0x08000212   0x00000006   Code   RO         1287    .ARM.Collect$$_printf_percent$$00000008  c_w.l(_printf_i.o)
    0x08000218   0x00000006   Code   RO         1288    .ARM.Collect$$_printf_percent$$00000009  c_w.l(_printf_d.o)
    0x0800021e   0x00000006   Code   RO         1289    .ARM.Collect$$_printf_percent$$0000000A  c_w.l(_printf_u.o)
    0x08000224   0x00000006   Code   RO         1286    .ARM.Collect$$_printf_percent$$0000000B  c_w.l(_printf_o.o)
    0x0800022a   0x00000006   Code   RO         1284    .ARM.Collect$$_printf_percent$$0000000C  c_w.l(_printf_x.o)
    0x08000230   0x00000006   Code   RO         1295    .ARM.Collect$$_printf_percent$$0000000D  c_w.l(_printf_lli.o)
    0x08000236   0x00000006   Code   RO         1296    .ARM.Collect$$_printf_percent$$0000000E  c_w.l(_printf_lld.o)
    0x0800023c   0x00000006   Code   RO         1297    .ARM.Collect$$_printf_percent$$0000000F  c_w.l(_printf_llu.o)
    0x08000242   0x00000006   Code   RO         1302    .ARM.Collect$$_printf_percent$$00000010  c_w.l(_printf_llo.o)
    0x08000248   0x00000006   Code   RO         1303    .ARM.Collect$$_printf_percent$$00000011  c_w.l(_printf_llx.o)
    0x0800024e   0x0000000a   Code   RO         1299    .ARM.Collect$$_printf_percent$$00000012  c_w.l(_printf_l.o)
    0x08000258   0x00000006   Code   RO         1281    .ARM.Collect$$_printf_percent$$00000013  c_w.l(_printf_c.o)
    0x0800025e   0x00000006   Code   RO         1282    .ARM.Collect$$_printf_percent$$00000014  c_w.l(_printf_s.o)
    0x08000264   0x00000006   Code   RO         1300    .ARM.Collect$$_printf_percent$$00000015  c_w.l(_printf_lc.o)
    0x0800026a   0x00000006   Code   RO         1301    .ARM.Collect$$_printf_percent$$00000016  c_w.l(_printf_ls.o)
    0x08000270   0x00000004   Code   RO         1377    .ARM.Collect$$_printf_percent$$00000017  c_w.l(_printf_percent_end.o)
    0x08000274   0x00000002   Code   RO         1210    .ARM.Collect$$libinit$$00000000  c_w.l(libinit.o)
    0x08000276   0x00000000   Code   RO         1305    .ARM.Collect$$libinit$$00000002  c_w.l(libinit2.o)
    0x08000276   0x00000000   Code   RO         1308    .ARM.Collect$$libinit$$00000008  c_w.l(libinit2.o)
    0x08000276   0x00000000   Code   RO         1310    .ARM.Collect$$libinit$$0000000A  c_w.l(libinit2.o)
    0x08000276   0x00000000   Code   RO         1312    .ARM.Collect$$libinit$$0000000C  c_w.l(libinit2.o)
    0x08000276   0x00000006   Code   RO         1313    .ARM.Collect$$libinit$$0000000D  c_w.l(libinit2.o)
    0x0800027c   0x00000000   Code   RO         1315    .ARM.Collect$$libinit$$0000000F  c_w.l(libinit2.o)
    0x0800027c   0x0000000c   Code   RO         1316    .ARM.Collect$$libinit$$00000010  c_w.l(libinit2.o)
    0x08000288   0x00000000   Code   RO         1317    .ARM.Collect$$libinit$$00000011  c_w.l(libinit2.o)
    0x08000288   0x00000000   Code   RO         1319    .ARM.Collect$$libinit$$00000013  c_w.l(libinit2.o)
    0x08000288   0x0000000a   Code   RO         1320    .ARM.Collect$$libinit$$00000014  c_w.l(libinit2.o)
    0x08000292   0x00000000   Code   RO         1321    .ARM.Collect$$libinit$$00000015  c_w.l(libinit2.o)
    0x08000292   0x0000000a   Code   RO         1322    .ARM.Collect$$libinit$$00000016  c_w.l(libinit2.o)
    0x0800029c   0x00000000   Code   RO         1323    .ARM.Collect$$libinit$$00000017  c_w.l(libinit2.o)
    0x0800029c   0x00000000   Code   RO         1325    .ARM.Collect$$libinit$$00000019  c_w.l(libinit2.o)
    0x0800029c   0x00000000   Code   RO         1327    .ARM.Collect$$libinit$$0000001B  c_w.l(libinit2.o)
    0x0800029c   0x00000000   Code   RO         1329    .ARM.Collect$$libinit$$0000001D  c_w.l(libinit2.o)
    0x0800029c   0x00000000   Code   RO         1331    .ARM.Collect$$libinit$$0000001F  c_w.l(libinit2.o)
    0x0800029c   0x00000000   Code   RO         1333    .ARM.Collect$$libinit$$00000021  c_w.l(libinit2.o)
    0x0800029c   0x00000000   Code   RO         1335    .ARM.Collect$$libinit$$00000023  c_w.l(libinit2.o)
    0x0800029c   0x00000000   Code   RO         1339    .ARM.Collect$$libinit$$0000002A  c_w.l(libinit2.o)
    0x0800029c   0x00000000   Code   RO         1341    .ARM.Collect$$libinit$$0000002C  c_w.l(libinit2.o)
    0x0800029c   0x00000000   Code   RO         1343    .ARM.Collect$$libinit$$0000002E  c_w.l(libinit2.o)
    0x0800029c   0x00000000   Code   RO         1345    .ARM.Collect$$libinit$$00000030  c_w.l(libinit2.o)
    0x0800029c   0x00000002   Code   RO         1346    .ARM.Collect$$libinit$$00000031  c_w.l(libinit2.o)
    0x0800029e   0x00000002   Code   RO         1422    .ARM.Collect$$libshutdown$$00000000  c_w.l(libshutdown.o)
    0x080002a0   0x00000000   Code   RO         1441    .ARM.Collect$$libshutdown$$00000003  c_w.l(libshutdown2.o)
    0x080002a0   0x00000000   Code   RO         1444    .ARM.Collect$$libshutdown$$00000006  c_w.l(libshutdown2.o)
    0x080002a0   0x00000000   Code   RO         1447    .ARM.Collect$$libshutdown$$00000009  c_w.l(libshutdown2.o)
    0x080002a0   0x00000000   Code   RO         1449    .ARM.Collect$$libshutdown$$0000000B  c_w.l(libshutdown2.o)
    0x080002a0   0x00000000   Code   RO         1452    .ARM.Collect$$libshutdown$$0000000E  c_w.l(libshutdown2.o)
    0x080002a0   0x00000002   Code   RO         1453    .ARM.Collect$$libshutdown$$0000000F  c_w.l(libshutdown2.o)
    0x080002a2   0x00000000   Code   RO         1148    .ARM.Collect$$rtentry$$00000000  c_w.l(rtentry.o)
    0x080002a2   0x00000000   Code   RO         1166    .ARM.Collect$$rtentry$$00000002  c_w.l(rtentry2.o)
    0x080002a2   0x00000006   Code   RO         1178    .ARM.Collect$$rtentry$$00000004  c_w.l(rtentry4.o)
    0x080002a8   0x00000000   Code   RO         1168    .ARM.Collect$$rtentry$$00000009  c_w.l(rtentry2.o)
    0x080002a8   0x00000004   Code   RO         1169    .ARM.Collect$$rtentry$$0000000A  c_w.l(rtentry2.o)
    0x080002ac   0x00000000   Code   RO         1171    .ARM.Collect$$rtentry$$0000000C  c_w.l(rtentry2.o)
    0x080002ac   0x00000008   Code   RO         1172    .ARM.Collect$$rtentry$$0000000D  c_w.l(rtentry2.o)
    0x080002b4   0x00000002   Code   RO         1211    .ARM.Collect$$rtexit$$00000000  c_w.l(rtexit.o)
    0x080002b6   0x00000000   Code   RO         1356    .ARM.Collect$$rtexit$$00000002  c_w.l(rtexit2.o)
    0x080002b6   0x00000004   Code   RO         1357    .ARM.Collect$$rtexit$$00000003  c_w.l(rtexit2.o)
    0x080002ba   0x00000006   Code   RO         1358    .ARM.Collect$$rtexit$$00000004  c_w.l(rtexit2.o)
    0x080002c0   0x00000090   Code   RO            1    .text               application.o
    0x08000350   0x000000d4   Code   RO           44    .text               startup.o
    0x08000424   0x00000090   Code   RO          152    .text               board.o
    0x080004b4   0x00000038   Code   RO          168    .text               stm32f10x_it.o
    0x080004ec   0x000002b4   Code   RO          184    .text               rtc.o
    0x080007a0   0x000000fc   Code   RO          218    .text               usart.o
    0x0800089c   0x0000062c   Code   RO          240    .text               serial.o
    0x08000ec8   0x000000e0   Code   RO          256    .text               led.o
    0x08000fa8   0x00000064   Code   RO          279    .text               clock.o
    0x0800100c   0x000003c0   Code   RO          293    .text               device.o
    0x080013cc   0x00000168   Code   RO          307    .text               idle.o
    0x08001534   0x00001878   Code   RO          327    .text               ipc.o
    0x08002dac   0x00000048   Code   RO          344    .text               irq.o
    0x08002df4   0x00000948   Code   RO          359    .text               kservice.o
    0x0800373c   0x000009b0   Code   RO          375    .text               mem.o
    0x080040ec   0x00000440   Code   RO          399    .text               mempool.o
    0x0800452c   0x00000348   Code   RO          417    .text               object.o
    0x08004874   0x000003d0   Code   RO          437    .text               scheduler.o
    0x08004c44   0x000006c4   Code   RO          458    .text               thread.o
    0x08005308   0x00000444   Code   RO          475    .text               timer.o
    0x0800574c   0x000001bc   Code   RO          494    .text               cpuport.o
    0x08005908   0x000000c4   Code   RO          510    .text               context_rvds.o
    0x080059cc   0x00000b70   Code   RO          549    .text               cmd.o
    0x0800653c   0x000017f8   Code   RO          572    .text               finsh_compiler.o
    0x08007d34   0x0000002c   Code   RO          609    .text               finsh_error.o
    0x08007d60   0x00000210   Code   RO          625    .text               finsh_heap.o
    0x08007f70   0x00000058   Code   RO          641    .text               finsh_init.o
    0x08007fc8   0x00000184   Code   RO          659    .text               finsh_node.o
    0x0800814c   0x00000ad8   Code   RO          674    .text               finsh_ops.o
    0x08008c24   0x00000972   Code   RO          692    .text               finsh_parser.o
    0x08009596   0x00000002   PAD
    0x08009598   0x0000063c   Code   RO          707    .text               finsh_token.o
    0x08009bd4   0x00000198   Code   RO          722    .text               finsh_var.o
    0x08009d6c   0x000000e4   Code   RO          745    .text               finsh_vm.o
    0x08009e50   0x000007a0   Code   RO          772    .text               shell.o
    0x0800a5f0   0x000001dc   Code   RO          816    .text               system_stm32f10x.o
    0x0800a7cc   0x00000848   Code   RO          846    .text               stm32f10x_rcc.o
    0x0800b014   0x000001c8   Code   RO          872    .text               stm32f10x_pwr.o
    0x0800b1dc   0x000002d4   Code   RO          896    .text               stm32f10x_bkp.o
    0x0800b4b0   0x0000022c   Code   RO          944    .text               stm32f10x_rtc.o
    0x0800b6dc   0x00000a6c   Code   RO         1028    .text               stm32f10x_gpio.o
    0x0800c148   0x00000dbc   Code   RO         1040    .text               stm32f10x_usart.o
    0x0800cf04   0x0000090c   Code   RO         1064    .text               stm32f10x_dma.o
    0x0800d810   0x000001e8   Code   RO         1100    .text               misc.o
    0x0800d9f8   0x00000040   Code   RO         1115    .text               startup_stm32f10x_hd.o
    0x0800da38   0x0000001a   Code   RO         1121    .text               c_w.l(atoi.o)
    0x0800da52   0x0000003e   Code   RO         1123    .text               c_w.l(strlen.o)
    0x0800da90   0x00000096   Code   RO         1125    .text               c_w.l(strncmp.o)
    0x0800db26   0x0000008a   Code   RO         1127    .text               c_w.l(rt_memcpy_v6.o)
    0x0800dbb0   0x00000064   Code   RO         1129    .text               c_w.l(rt_memcpy_w.o)
    0x0800dc14   0x00000044   Code   RO         1131    .text               c_w.l(rt_memclr.o)
    0x0800dc58   0x0000004e   Code   RO         1133    .text               c_w.l(rt_memclr_w.o)
    0x0800dca6   0x00000056   Code   RO         1135    .text               c_w.l(strncpy.o)
    0x0800dcfc   0x0000000e   Code   RO         1137    .text               c_w.l(ctime.o)
    0x0800dd0a   0x00000002   PAD
    0x0800dd0c   0x0000000c   Code   RO         1139    .text               c_w.l(localtime.o)
    0x0800dd18   0x000001a4   Code   RO         1142    .text               c_w.l(mktime.o)
    0x0800debc   0x00000006   Code   RO         1144    .text               c_w.l(heapauxi.o)
    0x0800dec2   0x00000002   PAD
    0x0800dec4   0x00000008   Code   RO         1152    .text               c_w.l(rt_errno_addr_intlibspace.o)
    0x0800decc   0x00000070   Code   RO         1154    .text               c_w.l(strtol.o)
    0x0800df3c   0x0000000c   Code   RO         1156    .text               c_w.l(asctime.o)
    0x0800df48   0x000000a4   Code   RO         1160    .text               c_w.l(localtime_internal.o)
    0x0800dfec   0x00000008   Code   RO         1162    .text               c_w.l(libspace.o)
    0x0800dff4   0x00000010   Code   RO         1180    .text               c_w.l(rt_ctype_table.o)
    0x0800e004   0x0000009e   Code   RO         1182    .text               c_w.l(_strtoul.o)
    0x0800e0a2   0x00000002   PAD
    0x0800e0a4   0x00000068   Code   RO         1184    .text               c_w.l(asctime_internal.o)
    0x0800e10c   0x0000004a   Code   RO         1186    .text               c_w.l(sys_stackheap_outer.o)
    0x0800e156   0x00000002   PAD
    0x0800e158   0x00000008   Code   RO         1191    .text               c_w.l(rt_locale_intlibspace.o)
    0x0800e160   0x0000002c   Code   RO         1193    .text               c_w.l(sprintf.o)
    0x0800e18c   0x0000001c   Code   RO         1195    .text               c_w.l(_chval.o)
    0x0800e1a8   0x0000000c   Code   RO         1203    .text               c_w.l(exit.o)
    0x0800e1b4   0x00000052   Code   RO         1215    .text               c_w.l(_printf_pad.o)
    0x0800e206   0x00000024   Code   RO         1217    .text               c_w.l(_printf_truncate.o)
    0x0800e22a   0x00000052   Code   RO         1219    .text               c_w.l(_printf_str.o)
    0x0800e27c   0x00000078   Code   RO         1221    .text               c_w.l(_printf_dec.o)
    0x0800e2f4   0x0000002a   Code   RO         1223    .text               c_w.l(_printf_charcount.o)
    0x0800e31e   0x00000002   PAD
    0x0800e320   0x00000030   Code   RO         1225    .text               c_w.l(_printf_char_common.o)
    0x0800e350   0x0000000a   Code   RO         1227    .text               c_w.l(_sputc.o)
    0x0800e35a   0x00000002   PAD
    0x0800e35c   0x000000bc   Code   RO         1229    .text               c_w.l(_printf_wctomb.o)
    0x0800e418   0x00000078   Code   RO         1232    .text               c_w.l(_printf_longlong_dec.o)
    0x0800e490   0x00000078   Code   RO         1238    .text               c_w.l(_printf_oct_int_ll.o)
    0x0800e508   0x0000009c   Code   RO         1258    .text               c_w.l(_printf_hex_int_ll_ptr.o)
    0x0800e5a4   0x0000018c   Code   RO         1278    .text               c_w.l(__printf_flags_ss_wp.o)
    0x0800e730   0x0000008a   Code   RO         1362    .text               c_w.l(lludiv10.o)
    0x0800e7ba   0x000000b8   Code   RO         1364    .text               c_w.l(_printf_intcommon.o)
    0x0800e872   0x00000420   Code   RO         1366    .text               c_w.l(_printf_fp_dec.o)
    0x0800ec92   0x00000002   PAD
    0x0800ec94   0x00000300   Code   RO         1368    .text               c_w.l(_printf_fp_hex.o)
    0x0800ef94   0x0000002c   Code   RO         1373    .text               c_w.l(_printf_char.o)
    0x0800efc0   0x0000002c   Code   RO         1375    .text               c_w.l(_printf_wchar.o)
    0x0800efec   0x00000040   Code   RO         1378    .text               c_w.l(_wcrtomb.o)
    0x0800f02c   0x0000000c   Code   RO         1384    .text               c_w.l(sys_exit.o)
    0x0800f038   0x00000080   Code   RO         1386    .text               c_w.l(_printf_fp_infnan.o)
    0x0800f0b8   0x000000e4   Code   RO         1388    .text               c_w.l(bigflt0.o)
    0x0800f19c   0x00000002   Code   RO         1430    .text               c_w.l(use_no_semi.o)
    0x0800f19e   0x00000000   Code   RO         1432    .text               c_w.l(indicate_semi.o)
    0x0800f19e   0x0000003e   Code   RO         1391    CL$$btod_d2e        c_w.l(btod.o)
    0x0800f1dc   0x00000046   Code   RO         1393    CL$$btod_d2e_denorm_low  c_w.l(btod.o)
    0x0800f222   0x00000060   Code   RO         1392    CL$$btod_d2e_norm_op1  c_w.l(btod.o)
    0x0800f282   0x00000338   Code   RO         1401    CL$$btod_div_common  c_w.l(btod.o)
    0x0800f5ba   0x000000c6   Code   RO         1398    CL$$btod_e2e        c_w.l(btod.o)
    0x0800f680   0x00000028   Code   RO         1395    CL$$btod_ediv       c_w.l(btod.o)
    0x0800f6a8   0x00000028   Code   RO         1394    CL$$btod_emul       c_w.l(btod.o)
    0x0800f6d0   0x00000244   Code   RO         1400    CL$$btod_mult_common  c_w.l(btod.o)
    0x0800f914   0x00000028   Code   RO         1426    i.__ARM_fpclassify  m_ws.l(fpclassify.o)
    0x0800f93c   0x0000000e   Code   RO         1271    i._is_digit         c_w.l(__printf_wp.o)
    0x0800f94a   0x00000002   PAD
    0x0800f94c   0x0000002c   Code   RO         1198    locale$$code        c_w.l(lc_ctype_c.o)
    0x0800f978   0x0000002c   Code   RO         1201    locale$$code        c_w.l(lc_time_c.o)
    0x0800f9a4   0x0000002c   Code   RO         1414    locale$$code        c_w.l(lc_numeric_c.o)
    0x0800f9d0   0x00000004   Code   RO         1347    x$fpl$printf1       fz_ws.l(printf1.o)
    0x0800f9d4   0x00000004   Code   RO         1349    x$fpl$printf2       fz_ws.l(printf2.o)
    0x0800f9d8   0x00000000   Code   RO         1425    x$fpl$usenofp       fz_ws.l(usenofp.o)
    0x0800f9d8   0x00000084   Data   RO          186    .constdata          rtc.o
    0x0800fa5c   0x00000085   Data   RO          241    .constdata          serial.o
    0x0800fae1   0x00000024   Data   RO          257    .constdata          led.o
    0x0800fb05   0x000000a8   Data   RO          294    .constdata          device.o
    0x0800fbad   0x00000016   Data   RO          309    .constdata          idle.o
    0x0800fbc3   0x000001c6   Data   RO          328    .constdata          ipc.o
    0x0800fd89   0x00000022   Data   RO          361    .constdata          kservice.o
    0x0800fdab   0x00000001   PAD
    0x0800fdac   0x00000160   Data   RO          377    .constdata          mem.o
    0x0800ff0c   0x0000003e   Data   RO          400    .constdata          mempool.o
    0x0800ff4a   0x0000005e   Data   RO          418    .constdata          object.o
    0x0800ffa8   0x0000014e   Data   RO          439    .constdata          scheduler.o
    0x080100f6   0x000000aa   Data   RO          459    .constdata          thread.o
    0x080101a0   0x0000005c   Data   RO          476    .constdata          timer.o
    0x080101fc   0x00000013   Data   RO          495    .constdata          cpuport.o
    0x0801020f   0x00000001   PAD
    0x08010210   0x0000028b   Data   RO          550    .constdata          cmd.o
    0x0801049b   0x00000001   PAD
    0x0801049c   0x000000c4   Data   RO          675    .constdata          finsh_ops.o
    0x08010560   0x00000040   Data   RO          708    .constdata          finsh_token.o
    0x080105a0   0x0000004d   Data   RO          774    .constdata          shell.o
    0x080105ed   0x0000000c   Data   RO         1159    .constdata          c_w.l(_monlen.o)
    0x080105f9   0x00000003   PAD
    0x080105fc   0x00000008   Data   RO         1230    .constdata          c_w.l(_printf_wctomb.o)
    0x08010604   0x00000028   Data   RO         1259    .constdata          c_w.l(_printf_hex_int_ll_ptr.o)
    0x0801062c   0x00000011   Data   RO         1279    .constdata          c_w.l(__printf_flags_ss_wp.o)
    0x0801063d   0x00000026   Data   RO         1369    .constdata          c_w.l(_printf_fp_hex.o)
    0x08010663   0x00000001   PAD
    0x08010664   0x00000094   Data   RO         1389    .constdata          c_w.l(bigflt0.o)
    0x080106f8   0x000000d6   Data   RO          551    .conststring        cmd.o
    0x080107ce   0x000000d8   Data   RO          610    .conststring        finsh_error.o
    0x080108a6   0x0000002c   Data   RO          709    .conststring        finsh_token.o
    0x080108d2   0x00000002   PAD
    0x080108d4   0x00000024   Data   RO          187    FSymTab             rtc.o
    0x080108f8   0x0000000c   Data   RO          259    FSymTab             led.o
    0x08010904   0x0000000c   Data   RO          379    FSymTab             mem.o
    0x08010910   0x00000090   Data   RO          553    FSymTab             cmd.o
    0x080109a0   0x00000020   Data   RO         1484    Region$$Table       anon$$obj.o
    0x080109c0   0x00000010   Data   RO          554    VSymTab             cmd.o
    0x080109d0   0x00000110   Data   RO         1197    locale$$data        c_w.l(lc_ctype_c.o)
    0x08010ae0   0x00000178   Data   RO         1200    locale$$data        c_w.l(lc_time_c.o)
    0x08010c58   0x0000001c   Data   RO         1413    locale$$data        c_w.l(lc_numeric_c.o)


    Execution Region RW_IRAM1 (Base: 0x20000000, Size: 0x00001b80, Max: 0x00010000, ABSOLUTE, COMPRESSED[0x000000ac])

    Base Addr    Size         Type   Attr      Idx    E Section Name        Object

    0x20000000   0x0000000c   Data   RW          220    .data               usart.o
    0x2000000c   0x00000001   Data   RW          258    .data               led.o
    0x2000000d   0x00000003   PAD
    0x20000010   0x00000004   Data   RW          280    .data               clock.o
    0x20000014   0x00000004   Data   RW          310    .data               idle.o
    0x20000018   0x00000001   Data   RW          345    .data               irq.o
    0x20000019   0x00000003   PAD
    0x2000001c   0x00000008   Data   RW          362    .data               kservice.o
    0x20000024   0x00000020   Data   RW          378    .data               mem.o
    0x20000044   0x00000008   Data   RW          401    .data               mempool.o
    0x2000004c   0x000000a4   Data   RW          419    .data               object.o
    0x200000f0   0x0000001c   Data   RW          440    .data               scheduler.o
    0x2000010c   0x0000000c   Data   RW          477    .data               timer.o
    0x20000118   0x00000010   Data   RW          496    .data               cpuport.o
    0x20000128   0x00000004   Data   RW          552    .data               cmd.o
    0x2000012c   0x00000008   Data   RW          573    .data               finsh_compiler.o
    0x20000134   0x0000003d   Data   RW          611    .data               finsh_error.o
    0x20000171   0x00000003   PAD
    0x20000174   0x00000008   Data   RW          627    .data               finsh_heap.o
    0x2000017c   0x00000004   Data   RW          724    .data               finsh_var.o
    0x20000180   0x0000000c   Data   RW          747    .data               finsh_vm.o
    0x2000018c   0x00000004   Data   RW          775    .data               shell.o
    0x20000190   0x00000010   Data   RW          793    .data               symbol.o
    0x200001a0   0x00000014   Data   RW          817    .data               system_stm32f10x.o
    0x200001b4   0x00000014   Data   RW          847    .data               stm32f10x_rcc.o
    0x200001c8   0x00000280   Zero   RW            2    .bss                application.o
    0x20000448   0x00000040   Zero   RW          185    .bss                rtc.o
    0x20000488   0x00000088   Zero   RW          219    .bss                usart.o
    0x20000510   0x00000180   Zero   RW          308    .bss                idle.o
    0x20000690   0x00000080   Zero   RW          360    .bss                kservice.o
    0x20000710   0x00000020   Zero   RW          376    .bss                mem.o
    0x20000730   0x00000100   Zero   RW          438    .bss                scheduler.o
    0x20000830   0x00000080   Zero   RW          626    .bss                finsh_heap.o
    0x200008b0   0x00000140   Zero   RW          660    .bss                finsh_node.o
    0x200009f0   0x000000c0   Zero   RW          723    .bss                finsh_var.o
    0x20000ab0   0x00000180   Zero   RW          746    .bss                finsh_vm.o
    0x20000c30   0x00000880   Zero   RW          773    .bss                shell.o
    0x200014b0   0x0000002c   Zero   RW         1140    .bss                c_w.l(localtime.o)
    0x200014dc   0x00000044   Zero   RW         1157    .bss                c_w.l(asctime.o)
    0x20001520   0x00000060   Zero   RW         1163    .bss                c_w.l(libspace.o)
    0x20001580   0x00000200   Zero   RW         1113    HEAP                startup_stm32f10x_hd.o
    0x20001780   0x00000400   Zero   RW         1112    STACK               startup_stm32f10x_hd.o


==============================================================================

Image component sizes


      Code (inc. data)   RO Data    RW Data    ZI Data      Debug   Object Name

       144         26          0          0        640      10951   application.o
       144         22          0          0          0      15949   board.o
       100          6          0          4          0       1300   clock.o
      2928       1188       1025          4          0      10087   cmd.o
       196         20          0          0          0        724   context_rvds.o
       444        220         19         16          0       2459   cpuport.o
       960        146        168          0          0       4857   device.o
      6136        156          0          8          0      10362   finsh_compiler.o
        44         10        216         61          0       1461   finsh_error.o
       528         18          0          8        128       3199   finsh_heap.o
        88          6          0          0          0       1452   finsh_init.o
       388          4          0          0        320       3100   finsh_node.o
      2776         36        196          0          0       8484   finsh_ops.o
      2418         32          0          0          0       9333   finsh_parser.o
      1596         16        108          0          0       5580   finsh_token.o
       408         16          0          4        192       6913   finsh_var.o
       228         34          0         12        384       6534   finsh_vm.o
       360        106         22          4        384       2579   idle.o
      6264        402        454          0          0      20083   ipc.o
        72          6          0          1          0       1166   irq.o
      2376        168         34          8        128      10204   kservice.o
       224         10         48          1          0       3053   led.o
      2480        586        364         32         32       5619   mem.o
      1088        118         62          8          0       4978   mempool.o
       488         74          0          0          0       1941   misc.o
       840        184         94        164          0       5536   object.o
       692        174        168          0         64       8402   rtc.o
       976        184        334         28        256       4548   scheduler.o
      1580        298        133          0          0       5233   serial.o
      1952        272         77          4       2176       5925   shell.o
       212         98          0          0          0     241827   startup.o
        64         26        304          0       1536        836   startup_stm32f10x_hd.o
       724         70          0          0          0       3864   stm32f10x_bkp.o
      2316        160          0          0          0       5414   stm32f10x_dma.o
      2668        204          0          0          0       6993   stm32f10x_gpio.o
        56          6          0          0          0       1468   stm32f10x_it.o
       456         78          0          0          0       2103   stm32f10x_pwr.o
      2120        122          0         20          0       9880   stm32f10x_rcc.o
       556         64          0          0          0       2866   stm32f10x_rtc.o
      3516        148          0          0          0      10080   stm32f10x_usart.o
         0          0          0         16          0       4069   symbol.o
       476         36          0         20          0       1847   system_stm32f10x.o
      1732        244        170          0          0       7518   thread.o
      1092        128         92         12          0       6207   timer.o
       252         24          0         12        136       2037   usart.o

    ----------------------------------------------------------------------
     55160       5946       4125        456       6376     489021   Object Totals
         0          0         32          0          0          0   (incl. Generated)
         2          0          5          9          0          0   (incl. Padding)

    ----------------------------------------------------------------------

      Code (inc. data)   RO Data    RW Data    ZI Data      Debug   Library Member Name

        90          0          0          0          0          0   __dczerorl2.o
         8          0          0          0          0         68   __main.o
       396          6         17          0          0         92   __printf_flags_ss_wp.o
        14          0          0          0          0         68   __printf_wp.o
        52          8          0          0          0          0   __scatter.o
        28          0          0          0          0          0   __scatter_zi.o
        28          0          0          0          0         68   _chval.o
         0          0         12          0          0          0   _monlen.o
         6          0          0          0          0          0   _printf_a.o
         6          0          0          0          0          0   _printf_c.o
        44          0          0          0          0        108   _printf_char.o
        48          6          0          0          0         96   _printf_char_common.o
        42          0          0          0          0         68   _printf_charcount.o
         6          0          0          0          0          0   _printf_d.o
       120         18          0          0          0         92   _printf_dec.o
         6          0          0          0          0          0   _printf_e.o
         6          0          0          0          0          0   _printf_f.o
      1056          0          0          0          0        212   _printf_fp_dec.o
       768          8         38          0          0        100   _printf_fp_hex.o
       128         16          0          0          0         84   _printf_fp_infnan.o
         6          0          0          0          0          0   _printf_g.o
       156          6         40          0          0        160   _printf_hex_int_ll_ptr.o
         6          0          0          0          0          0   _printf_i.o
       184          0          0          0          0         88   _printf_intcommon.o
        10          0          0          0          0          0   _printf_l.o
         6          0          0          0          0          0   _printf_lc.o
        10          0          0          0          0          0   _printf_ll.o
         6          0          0          0          0          0   _printf_lld.o
         6          0          0          0          0          0   _printf_lli.o
         6          0          0          0          0          0   _printf_llo.o
         6          0          0          0          0          0   _printf_llu.o
         6          0          0          0          0          0   _printf_llx.o
       120         16          0          0          0         92   _printf_longlong_dec.o
         6          0          0          0          0          0   _printf_ls.o
         6          0          0          0          0          0   _printf_n.o
         6          0          0          0          0          0   _printf_o.o
       120          8          0          0          0        124   _printf_oct_int_ll.o
         6          0          0          0          0          0   _printf_p.o
        82          0          0          0          0        108   _printf_pad.o
         0          0          0          0          0          0   _printf_percent.o
         4          0          0          0          0          0   _printf_percent_end.o
         6          0          0          0          0          0   _printf_s.o
        82          0          0          0          0         80   _printf_str.o
        36          0          0          0          0         84   _printf_truncate.o
         6          0          0          0          0          0   _printf_u.o
        44          0          0          0          0        108   _printf_wchar.o
       188          6          8          0          0         92   _printf_wctomb.o
         6          0          0          0          0          0   _printf_x.o
        10          0          0          0          0         68   _sputc.o
       158          0          0          0          0         92   _strtoul.o
        64          0          0          0          0         92   _wcrtomb.o
        12          6          0          0         68         68   asctime.o
       104         30          0          0          0         88   asctime_internal.o
        26          0          0          0          0         80   atoi.o
       228          6        148          0          0         96   bigflt0.o
      1910        128          0          0          0        672   btod.o
        14          0          0          0          0         80   ctime.o
        12          0          0          0          0         72   exit.o
         6          0          0          0          0        152   heapauxi.o
         0          0          0          0          0          0   indicate_semi.o
        44         10        272          0          0         76   lc_ctype_c.o
        44         10         28          0          0         76   lc_numeric_c.o
        44         10        376          0          0         76   lc_time_c.o
         2          0          0          0          0          0   libinit.o
        40          0          0          0          0          0   libinit2.o
         2          0          0          0          0          0   libshutdown.o
         2          0          0          0          0          0   libshutdown2.o
         8          4          0          0         96         68   libspace.o
       138          0          0          0          0         80   lludiv10.o
        12          6          0          0         44         68   localtime.o
       164          6          0          0          0         80   localtime_internal.o
       420          8          0          0          0        124   mktime.o
        16          4          0          0          0         76   rt_ctype_table.o
         8          4          0          0          0         68   rt_errno_addr_intlibspace.o
         8          4          0          0          0         68   rt_locale_intlibspace.o
        68          0          0          0          0         68   rt_memclr.o
        78          0          0          0          0         80   rt_memclr_w.o
       138          0          0          0          0         68   rt_memcpy_v6.o
       100          0          0          0          0         80   rt_memcpy_w.o
         0          0          0          0          0          0   rtentry.o
        12          0          0          0          0          0   rtentry2.o
         6          0          0          0          0          0   rtentry4.o
         2          0          0          0          0          0   rtexit.o
        10          0          0          0          0          0   rtexit2.o
        44          6          0          0          0         84   sprintf.o
        62          0          0          0          0         76   strlen.o
       150          0          0          0          0         80   strncmp.o
        86          0          0          0          0         76   strncpy.o
       112          0          0          0          0         88   strtol.o
        12          4          0          0          0         68   sys_exit.o
        74          0          0          0          0         80   sys_stackheap_outer.o
         2          0          0          0          0         68   use_no_semi.o
         4          0          0          0          0         68   printf1.o
         4          0          0          0          0         68   printf2.o
         0          0          0          0          0          0   usenofp.o
        40          0          0          0          0         68   fpclassify.o

    ----------------------------------------------------------------------
      8496        344        943          0        208       5532   Library Totals
        18          0          4          0          0          0   (incl. Padding)

    ----------------------------------------------------------------------

      Code (inc. data)   RO Data    RW Data    ZI Data      Debug   Library Name

      8430        344        939          0        208       5328   c_w.l
         8          0          0          0          0        136   fz_ws.l
        40          0          0          0          0         68   m_ws.l

    ----------------------------------------------------------------------
      8496        344        943          0        208       5532   Library Totals

    ----------------------------------------------------------------------

==============================================================================


      Code (inc. data)   RO Data    RW Data    ZI Data      Debug   

     63656       6290       5068        456       6584     487377   Grand Totals
     63656       6290       5068        172       6584     487377   ELF Image Totals (compressed)
     63656       6290       5068        172          0          0   ROM Totals

==============================================================================

    Total RO  Size (Code + RO Data)                68724 (  67.11kB)
    Total RW  Size (RW Data + ZI Data)              7040 (   6.88kB)
    Total ROM Size (Code + RO Data + RW Data)      68896 (  67.28kB)

==============================================================================

